Archive member included to satisfy reference by file (symbol)

../../Lib\libLiftLibrary.a(LiftLibrary.o)
                              MainController.o (SetState)
c:/program files (x86)/atmel/studio/7.0/toolchain/avr8/avr8-gnu-toolchain/bin/../lib/gcc/avr/5.4.0/avr5\libgcc.a(_udivmodqi4.o)
                              MotorCtrl.o (__udivmodqi4)
c:/program files (x86)/atmel/studio/7.0/toolchain/avr8/avr8-gnu-toolchain/bin/../lib/gcc/avr/5.4.0/avr5\libgcc.a(_exit.o)
                              C:/Program Files (x86)/Atmel/Studio/7.0/Packs/atmel/ATmega_DFP/1.2.209/gcc/dev/atmega32/avr5/crtatmega32.o (exit)
c:/program files (x86)/atmel/studio/7.0/toolchain/avr8/avr8-gnu-toolchain/bin/../lib/gcc/avr/5.4.0/avr5\libgcc.a(_copy_data.o)
                              MainController.o (__do_copy_data)
c:/program files (x86)/atmel/studio/7.0/toolchain/avr8/avr8-gnu-toolchain/bin/../lib/gcc/avr/5.4.0/avr5\libgcc.a(_clear_bss.o)
                              ../../Lib\libLiftLibrary.a(LiftLibrary.o) (__do_clear_bss)

Allocating common symbols
Common symbol       size              file

USART_rxBuffer      0x20              ../../Lib\libLiftLibrary.a(LiftLibrary.o)
liftDoorState       0x8               ../../Lib\libLiftLibrary.a(LiftLibrary.o)

Discarded input sections

 .data          0x00000000        0x0 C:/Program Files (x86)/Atmel/Studio/7.0/Packs/atmel/ATmega_DFP/1.2.209/gcc/dev/atmega32/avr5/crtatmega32.o
 .bss           0x00000000        0x0 C:/Program Files (x86)/Atmel/Studio/7.0/Packs/atmel/ATmega_DFP/1.2.209/gcc/dev/atmega32/avr5/crtatmega32.o
 .text          0x00000000        0x0 main.o
 .data          0x00000000        0x0 main.o
 .bss           0x00000000        0x0 main.o
 .text          0x00000000        0x0 MainController.o
 .data          0x00000000        0x0 MainController.o
 .bss           0x00000000        0x0 MainController.o
 .text.GetTargetSelection
                0x00000000        0x6 MainController.o
 .text          0x00000000        0x0 MotorCtrl.o
 .data          0x00000000        0x0 MotorCtrl.o
 .bss           0x00000000        0x0 MotorCtrl.o
 .text          0x00000000        0x0 ScheduleController.o
 .data          0x00000000        0x0 ScheduleController.o
 .bss           0x00000000        0x0 ScheduleController.o
 .text.Dequeue  0x00000000       0x3e ScheduleController.o
 .text          0x00000000        0x0 TestController.o
 .data          0x00000000        0x0 TestController.o
 .bss           0x00000000        0x0 TestController.o
 .text.TestController_HandleMessages
                0x00000000        0x2 TestController.o
 .data._testCtrl
                0x00000000        0x6 TestController.o
 .text          0x00000000        0x0 ../../Lib\libLiftLibrary.a(LiftLibrary.o)
 .data          0x00000000        0x0 ../../Lib\libLiftLibrary.a(LiftLibrary.o)
 .bss           0x00000000        0x0 ../../Lib\libLiftLibrary.a(LiftLibrary.o)
 .text.ReadKeyEvent
                0x00000000       0x16 ../../Lib\libLiftLibrary.a(LiftLibrary.o)
 .text.ReadDoorState
                0x00000000       0x10 ../../Lib\libLiftLibrary.a(LiftLibrary.o)
 .text.ReadElevatorState
                0x00000000        0x6 ../../Lib\libLiftLibrary.a(LiftLibrary.o)
 .text          0x00000000        0x0 c:/program files (x86)/atmel/studio/7.0/toolchain/avr8/avr8-gnu-toolchain/bin/../lib/gcc/avr/5.4.0/avr5\libgcc.a(_udivmodqi4.o)
 .data          0x00000000        0x0 c:/program files (x86)/atmel/studio/7.0/toolchain/avr8/avr8-gnu-toolchain/bin/../lib/gcc/avr/5.4.0/avr5\libgcc.a(_udivmodqi4.o)
 .bss           0x00000000        0x0 c:/program files (x86)/atmel/studio/7.0/toolchain/avr8/avr8-gnu-toolchain/bin/../lib/gcc/avr/5.4.0/avr5\libgcc.a(_udivmodqi4.o)
 .text.libgcc.mul
                0x00000000        0x0 c:/program files (x86)/atmel/studio/7.0/toolchain/avr8/avr8-gnu-toolchain/bin/../lib/gcc/avr/5.4.0/avr5\libgcc.a(_udivmodqi4.o)
 .text.libgcc   0x00000000        0x0 c:/program files (x86)/atmel/studio/7.0/toolchain/avr8/avr8-gnu-toolchain/bin/../lib/gcc/avr/5.4.0/avr5\libgcc.a(_udivmodqi4.o)
 .text.libgcc.prologue
                0x00000000        0x0 c:/program files (x86)/atmel/studio/7.0/toolchain/avr8/avr8-gnu-toolchain/bin/../lib/gcc/avr/5.4.0/avr5\libgcc.a(_udivmodqi4.o)
 .text.libgcc.builtins
                0x00000000        0x0 c:/program files (x86)/atmel/studio/7.0/toolchain/avr8/avr8-gnu-toolchain/bin/../lib/gcc/avr/5.4.0/avr5\libgcc.a(_udivmodqi4.o)
 .text.libgcc.fmul
                0x00000000        0x0 c:/program files (x86)/atmel/studio/7.0/toolchain/avr8/avr8-gnu-toolchain/bin/../lib/gcc/avr/5.4.0/avr5\libgcc.a(_udivmodqi4.o)
 .text.libgcc.fixed
                0x00000000        0x0 c:/program files (x86)/atmel/studio/7.0/toolchain/avr8/avr8-gnu-toolchain/bin/../lib/gcc/avr/5.4.0/avr5\libgcc.a(_udivmodqi4.o)
 .text          0x00000000        0x0 c:/program files (x86)/atmel/studio/7.0/toolchain/avr8/avr8-gnu-toolchain/bin/../lib/gcc/avr/5.4.0/avr5\libgcc.a(_exit.o)
 .data          0x00000000        0x0 c:/program files (x86)/atmel/studio/7.0/toolchain/avr8/avr8-gnu-toolchain/bin/../lib/gcc/avr/5.4.0/avr5\libgcc.a(_exit.o)
 .bss           0x00000000        0x0 c:/program files (x86)/atmel/studio/7.0/toolchain/avr8/avr8-gnu-toolchain/bin/../lib/gcc/avr/5.4.0/avr5\libgcc.a(_exit.o)
 .text.libgcc.mul
                0x00000000        0x0 c:/program files (x86)/atmel/studio/7.0/toolchain/avr8/avr8-gnu-toolchain/bin/../lib/gcc/avr/5.4.0/avr5\libgcc.a(_exit.o)
 .text.libgcc.div
                0x00000000        0x0 c:/program files (x86)/atmel/studio/7.0/toolchain/avr8/avr8-gnu-toolchain/bin/../lib/gcc/avr/5.4.0/avr5\libgcc.a(_exit.o)
 .text.libgcc   0x00000000        0x0 c:/program files (x86)/atmel/studio/7.0/toolchain/avr8/avr8-gnu-toolchain/bin/../lib/gcc/avr/5.4.0/avr5\libgcc.a(_exit.o)
 .text.libgcc.prologue
                0x00000000        0x0 c:/program files (x86)/atmel/studio/7.0/toolchain/avr8/avr8-gnu-toolchain/bin/../lib/gcc/avr/5.4.0/avr5\libgcc.a(_exit.o)
 .text.libgcc.builtins
                0x00000000        0x0 c:/program files (x86)/atmel/studio/7.0/toolchain/avr8/avr8-gnu-toolchain/bin/../lib/gcc/avr/5.4.0/avr5\libgcc.a(_exit.o)
 .text.libgcc.fmul
                0x00000000        0x0 c:/program files (x86)/atmel/studio/7.0/toolchain/avr8/avr8-gnu-toolchain/bin/../lib/gcc/avr/5.4.0/avr5\libgcc.a(_exit.o)
 .text.libgcc.fixed
                0x00000000        0x0 c:/program files (x86)/atmel/studio/7.0/toolchain/avr8/avr8-gnu-toolchain/bin/../lib/gcc/avr/5.4.0/avr5\libgcc.a(_exit.o)
 .text          0x00000000        0x0 c:/program files (x86)/atmel/studio/7.0/toolchain/avr8/avr8-gnu-toolchain/bin/../lib/gcc/avr/5.4.0/avr5\libgcc.a(_copy_data.o)
 .data          0x00000000        0x0 c:/program files (x86)/atmel/studio/7.0/toolchain/avr8/avr8-gnu-toolchain/bin/../lib/gcc/avr/5.4.0/avr5\libgcc.a(_copy_data.o)
 .bss           0x00000000        0x0 c:/program files (x86)/atmel/studio/7.0/toolchain/avr8/avr8-gnu-toolchain/bin/../lib/gcc/avr/5.4.0/avr5\libgcc.a(_copy_data.o)
 .text.libgcc.mul
                0x00000000        0x0 c:/program files (x86)/atmel/studio/7.0/toolchain/avr8/avr8-gnu-toolchain/bin/../lib/gcc/avr/5.4.0/avr5\libgcc.a(_copy_data.o)
 .text.libgcc.div
                0x00000000        0x0 c:/program files (x86)/atmel/studio/7.0/toolchain/avr8/avr8-gnu-toolchain/bin/../lib/gcc/avr/5.4.0/avr5\libgcc.a(_copy_data.o)
 .text.libgcc   0x00000000        0x0 c:/program files (x86)/atmel/studio/7.0/toolchain/avr8/avr8-gnu-toolchain/bin/../lib/gcc/avr/5.4.0/avr5\libgcc.a(_copy_data.o)
 .text.libgcc.prologue
                0x00000000        0x0 c:/program files (x86)/atmel/studio/7.0/toolchain/avr8/avr8-gnu-toolchain/bin/../lib/gcc/avr/5.4.0/avr5\libgcc.a(_copy_data.o)
 .text.libgcc.builtins
                0x00000000        0x0 c:/program files (x86)/atmel/studio/7.0/toolchain/avr8/avr8-gnu-toolchain/bin/../lib/gcc/avr/5.4.0/avr5\libgcc.a(_copy_data.o)
 .text.libgcc.fmul
                0x00000000        0x0 c:/program files (x86)/atmel/studio/7.0/toolchain/avr8/avr8-gnu-toolchain/bin/../lib/gcc/avr/5.4.0/avr5\libgcc.a(_copy_data.o)
 .text.libgcc.fixed
                0x00000000        0x0 c:/program files (x86)/atmel/studio/7.0/toolchain/avr8/avr8-gnu-toolchain/bin/../lib/gcc/avr/5.4.0/avr5\libgcc.a(_copy_data.o)
 .text          0x00000000        0x0 c:/program files (x86)/atmel/studio/7.0/toolchain/avr8/avr8-gnu-toolchain/bin/../lib/gcc/avr/5.4.0/avr5\libgcc.a(_clear_bss.o)
 .data          0x00000000        0x0 c:/program files (x86)/atmel/studio/7.0/toolchain/avr8/avr8-gnu-toolchain/bin/../lib/gcc/avr/5.4.0/avr5\libgcc.a(_clear_bss.o)
 .bss           0x00000000        0x0 c:/program files (x86)/atmel/studio/7.0/toolchain/avr8/avr8-gnu-toolchain/bin/../lib/gcc/avr/5.4.0/avr5\libgcc.a(_clear_bss.o)
 .text.libgcc.mul
                0x00000000        0x0 c:/program files (x86)/atmel/studio/7.0/toolchain/avr8/avr8-gnu-toolchain/bin/../lib/gcc/avr/5.4.0/avr5\libgcc.a(_clear_bss.o)
 .text.libgcc.div
                0x00000000        0x0 c:/program files (x86)/atmel/studio/7.0/toolchain/avr8/avr8-gnu-toolchain/bin/../lib/gcc/avr/5.4.0/avr5\libgcc.a(_clear_bss.o)
 .text.libgcc   0x00000000        0x0 c:/program files (x86)/atmel/studio/7.0/toolchain/avr8/avr8-gnu-toolchain/bin/../lib/gcc/avr/5.4.0/avr5\libgcc.a(_clear_bss.o)
 .text.libgcc.prologue
                0x00000000        0x0 c:/program files (x86)/atmel/studio/7.0/toolchain/avr8/avr8-gnu-toolchain/bin/../lib/gcc/avr/5.4.0/avr5\libgcc.a(_clear_bss.o)
 .text.libgcc.builtins
                0x00000000        0x0 c:/program files (x86)/atmel/studio/7.0/toolchain/avr8/avr8-gnu-toolchain/bin/../lib/gcc/avr/5.4.0/avr5\libgcc.a(_clear_bss.o)
 .text.libgcc.fmul
                0x00000000        0x0 c:/program files (x86)/atmel/studio/7.0/toolchain/avr8/avr8-gnu-toolchain/bin/../lib/gcc/avr/5.4.0/avr5\libgcc.a(_clear_bss.o)
 .text.libgcc.fixed
                0x00000000        0x0 c:/program files (x86)/atmel/studio/7.0/toolchain/avr8/avr8-gnu-toolchain/bin/../lib/gcc/avr/5.4.0/avr5\libgcc.a(_clear_bss.o)

Memory Configuration

Name             Origin             Length             Attributes
text             0x00000000         0x00020000         xr
data             0x00800060         0x0000ffa0         rw !x
eeprom           0x00810000         0x00010000         rw !x
fuse             0x00820000         0x00000002         rw !x
lock             0x00830000         0x00000400         rw !x
signature        0x00840000         0x00000400         rw !x
user_signatures  0x00850000         0x00000400         rw !x
*default*        0x00000000         0xffffffff

Linker script and memory map

LOAD C:/Program Files (x86)/Atmel/Studio/7.0/Packs/atmel/ATmega_DFP/1.2.209/gcc/dev/atmega32/avr5/crtatmega32.o
LOAD main.o
LOAD MainController.o
LOAD MotorCtrl.o
LOAD ScheduleController.o
LOAD TestController.o
START GROUP
LOAD c:/program files (x86)/atmel/studio/7.0/toolchain/avr8/avr8-gnu-toolchain/bin/../lib/gcc/avr/5.4.0/../../../../avr/lib/avr5\libm.a
LOAD ../../Lib\libLiftLibrary.a
END GROUP
START GROUP
LOAD c:/program files (x86)/atmel/studio/7.0/toolchain/avr8/avr8-gnu-toolchain/bin/../lib/gcc/avr/5.4.0/avr5\libgcc.a
LOAD c:/program files (x86)/atmel/studio/7.0/toolchain/avr8/avr8-gnu-toolchain/bin/../lib/gcc/avr/5.4.0/../../../../avr/lib/avr5\libm.a
LOAD c:/program files (x86)/atmel/studio/7.0/toolchain/avr8/avr8-gnu-toolchain/bin/../lib/gcc/avr/5.4.0/../../../../avr/lib/avr5\libc.a
LOAD C:/Program Files (x86)/Atmel/Studio/7.0/Packs/atmel/ATmega_DFP/1.2.209/gcc/dev/atmega32/avr5\libatmega32.a
END GROUP
                0x00000000                __TEXT_REGION_ORIGIN__ = DEFINED (__TEXT_REGION_ORIGIN__)?__TEXT_REGION_ORIGIN__:0x0
                0x00800060                __DATA_REGION_ORIGIN__ = DEFINED (__DATA_REGION_ORIGIN__)?__DATA_REGION_ORIGIN__:0x800060
                0x00020000                __TEXT_REGION_LENGTH__ = DEFINED (__TEXT_REGION_LENGTH__)?__TEXT_REGION_LENGTH__:0x20000
                0x0000ffa0                __DATA_REGION_LENGTH__ = DEFINED (__DATA_REGION_LENGTH__)?__DATA_REGION_LENGTH__:0xffa0
                0x00010000                __EEPROM_REGION_LENGTH__ = DEFINED (__EEPROM_REGION_LENGTH__)?__EEPROM_REGION_LENGTH__:0x10000
                [0x00000002]                __FUSE_REGION_LENGTH__ = DEFINED (__FUSE_REGION_LENGTH__)?__FUSE_REGION_LENGTH__:0x400
                0x00000400                __LOCK_REGION_LENGTH__ = DEFINED (__LOCK_REGION_LENGTH__)?__LOCK_REGION_LENGTH__:0x400
                0x00000400                __SIGNATURE_REGION_LENGTH__ = DEFINED (__SIGNATURE_REGION_LENGTH__)?__SIGNATURE_REGION_LENGTH__:0x400
                0x00000400                __USER_SIGNATURE_REGION_LENGTH__ = DEFINED (__USER_SIGNATURE_REGION_LENGTH__)?__USER_SIGNATURE_REGION_LENGTH__:0x400

.hash
 *(.hash)

.dynsym
 *(.dynsym)

.dynstr
 *(.dynstr)

.gnu.version
 *(.gnu.version)

.gnu.version_d
 *(.gnu.version_d)

.gnu.version_r
 *(.gnu.version_r)

.rel.init
 *(.rel.init)

.rela.init
 *(.rela.init)

.rel.text
 *(.rel.text)
 *(.rel.text.*)
 *(.rel.gnu.linkonce.t*)

.rela.text
 *(.rela.text)
 *(.rela.text.*)
 *(.rela.gnu.linkonce.t*)

.rel.fini
 *(.rel.fini)

.rela.fini
 *(.rela.fini)

.rel.rodata
 *(.rel.rodata)
 *(.rel.rodata.*)
 *(.rel.gnu.linkonce.r*)

.rela.rodata
 *(.rela.rodata)
 *(.rela.rodata.*)
 *(.rela.gnu.linkonce.r*)

.rel.data
 *(.rel.data)
 *(.rel.data.*)
 *(.rel.gnu.linkonce.d*)

.rela.data
 *(.rela.data)
 *(.rela.data.*)
 *(.rela.gnu.linkonce.d*)

.rel.ctors
 *(.rel.ctors)

.rela.ctors
 *(.rela.ctors)

.rel.dtors
 *(.rel.dtors)

.rela.dtors
 *(.rela.dtors)

.rel.got
 *(.rel.got)

.rela.got
 *(.rela.got)

.rel.bss
 *(.rel.bss)

.rela.bss
 *(.rela.bss)

.rel.plt
 *(.rel.plt)

.rela.plt
 *(.rela.plt)

.text           0x00000000      0xe50
 *(.vectors)
 .vectors       0x00000000       0x54 C:/Program Files (x86)/Atmel/Studio/7.0/Packs/atmel/ATmega_DFP/1.2.209/gcc/dev/atmega32/avr5/crtatmega32.o
                0x00000000                __vector_default
                0x00000000                __vectors
 *(.vectors)
 *(.progmem.gcc*)
                0x00000054                . = ALIGN (0x2)
                0x00000054                __trampolines_start = .
 *(.trampolines)
 .trampolines   0x00000054        0x0 linker stubs
 *(.trampolines*)
                0x00000054                __trampolines_end = .
 *libprintf_flt.a:*(.progmem.data)
 *libc.a:*(.progmem.data)
 *(.progmem*)
                0x00000054                . = ALIGN (0x2)
 *(.jumptables)
 *(.jumptables*)
 *(.lowtext)
 *(.lowtext*)
                0x00000054                __ctors_start = .
 *(.ctors)
                0x00000054                __ctors_end = .
                0x00000054                __dtors_start = .
 *(.dtors)
                0x00000054                __dtors_end = .
 SORT(*)(.ctors)
 SORT(*)(.dtors)
 *(.init0)
 .init0         0x00000054        0x0 C:/Program Files (x86)/Atmel/Studio/7.0/Packs/atmel/ATmega_DFP/1.2.209/gcc/dev/atmega32/avr5/crtatmega32.o
                0x00000054                __init
 *(.init0)
 *(.init1)
 *(.init1)
 *(.init2)
 .init2         0x00000054        0xc C:/Program Files (x86)/Atmel/Studio/7.0/Packs/atmel/ATmega_DFP/1.2.209/gcc/dev/atmega32/avr5/crtatmega32.o
 *(.init2)
 *(.init3)
 *(.init3)
 *(.init4)
 .init4         0x00000060       0x16 c:/program files (x86)/atmel/studio/7.0/toolchain/avr8/avr8-gnu-toolchain/bin/../lib/gcc/avr/5.4.0/avr5\libgcc.a(_copy_data.o)
                0x00000060                __do_copy_data
 .init4         0x00000076       0x10 c:/program files (x86)/atmel/studio/7.0/toolchain/avr8/avr8-gnu-toolchain/bin/../lib/gcc/avr/5.4.0/avr5\libgcc.a(_clear_bss.o)
                0x00000076                __do_clear_bss
 *(.init4)
 *(.init5)
 *(.init5)
 *(.init6)
 *(.init6)
 *(.init7)
 *(.init7)
 *(.init8)
 *(.init8)
 *(.init9)
 .init9         0x00000086        0x8 C:/Program Files (x86)/Atmel/Studio/7.0/Packs/atmel/ATmega_DFP/1.2.209/gcc/dev/atmega32/avr5/crtatmega32.o
 *(.init9)
 *(.text)
 .text          0x0000008e        0x4 C:/Program Files (x86)/Atmel/Studio/7.0/Packs/atmel/ATmega_DFP/1.2.209/gcc/dev/atmega32/avr5/crtatmega32.o
                0x0000008e                __vector_12
                0x0000008e                __bad_interrupt
                0x0000008e                __vector_6
                0x0000008e                __vector_3
                0x0000008e                __vector_11
                0x0000008e                __vector_17
                0x0000008e                __vector_19
                0x0000008e                __vector_5
                0x0000008e                __vector_4
                0x0000008e                __vector_9
                0x0000008e                __vector_2
                0x0000008e                __vector_15
                0x0000008e                __vector_8
                0x0000008e                __vector_14
                0x0000008e                __vector_16
                0x0000008e                __vector_18
                0x0000008e                __vector_20
                0x00000092                . = ALIGN (0x2)
 *(.text.*)
 .text.main     0x00000092       0x34 main.o
                0x00000092                main
 .text.SysState_Initializing
                0x000000c6       0x46 MainController.o
                0x000000c6                SysState_Initializing
 .text.MainCtrl_Initializing
                0x0000010c       0x3a MainController.o
                0x0000010c                MainCtrl_Initializing
 .text.MainCtrl_CheckingScheduler
                0x00000146       0x60 MainController.o
                0x00000146                MainCtrl_CheckingScheduler
 .text.MainCtrl_ElevatorHasArrived
                0x000001a6       0x38 MainController.o
                0x000001a6                MainCtrl_ElevatorHasArrived
 .text.FindBit  0x000001de       0x1e MainController.o
                0x000001de                FindBit
 .text.GetFloorReservation
                0x000001fc        0x8 MainController.o
                0x000001fc                GetFloorReservation
 .text.MainCtrl_DoorIsOpen
                0x00000204       0x82 MainController.o
                0x00000204                MainCtrl_DoorIsOpen
 .text.NotifyCalibrationDone
                0x00000286       0x3a MotorCtrl.o
                0x00000286                NotifyCalibrationDone
 .text.OnElevatorPositionChanged
                0x000002c0        0xe MotorCtrl.o
                0x000002c0                OnElevatorPositionChanged
 .text.MotorCtrl_Initializing
                0x000002ce       0x6a MotorCtrl.o
                0x000002ce                MotorCtrl_Initializing
 .text.MotorCtrl_Moving
                0x00000338       0x42 MotorCtrl.o
                0x00000338                MotorCtrl_Moving
 .text.MotorCtrl_Stopped
                0x0000037a       0x84 MotorCtrl.o
                0x0000037a                MotorCtrl_Stopped
 .text.registerScheduler
                0x000003fe        0xa ScheduleController.o
                0x000003fe                registerScheduler
 .text.Enqueue  0x00000408       0x2c ScheduleController.o
                0x00000408                Enqueue
 .text.ScheduleCtrl_AwaitElevatorRequest
                0x00000434       0xa8 ScheduleController.o
                0x00000434                ScheduleCtrl_AwaitElevatorRequest
 .text.TestFunction
                0x000004dc       0x34 TestController.o
                0x000004dc                TestFunction
 .text.EnterAtomic
                0x00000510        0xe ../../Lib\libLiftLibrary.a(LiftLibrary.o)
                0x00000510                EnterAtomic
 .text.LeaveAtomic
                0x0000051e       0x12 ../../Lib\libLiftLibrary.a(LiftLibrary.o)
                0x0000051e                LeaveAtomic
 .text.SetState
                0x00000530       0x20 ../../Lib\libLiftLibrary.a(LiftLibrary.o)
                0x00000530                SetState
 .text.RegisterFsm
                0x00000550       0x2a ../../Lib\libLiftLibrary.a(LiftLibrary.o)
                0x00000550                RegisterFsm
 .text.DispatchEvent
                0x0000057a       0x76 ../../Lib\libLiftLibrary.a(LiftLibrary.o)
                0x0000057a                DispatchEvent
 .text.InitializeCounter
                0x000005f0       0x2a ../../Lib\libLiftLibrary.a(LiftLibrary.o)
                0x000005f0                InitializeCounter
 .text.SetDoorState
                0x0000061a       0x3a ../../Lib\libLiftLibrary.a(LiftLibrary.o)
                0x0000061a                SetDoorState
 .text.MoveElevator
                0x00000654       0x28 ../../Lib\libLiftLibrary.a(LiftLibrary.o)
                0x00000654                MoveElevator
 .text.CalibrateElevatorPosition
                0x0000067c        0x8 ../../Lib\libLiftLibrary.a(LiftLibrary.o)
                0x0000067c                CalibrateElevatorPosition
 .text.SetDisplay
                0x00000684        0x6 ../../Lib\libLiftLibrary.a(LiftLibrary.o)
                0x00000684                SetDisplay
 .text.SetIndicatorFloorState
                0x0000068a       0x22 ../../Lib\libLiftLibrary.a(LiftLibrary.o)
                0x0000068a                SetIndicatorFloorState
 .text.SetIndicatorElevatorState
                0x000006ac       0x20 ../../Lib\libLiftLibrary.a(LiftLibrary.o)
                0x000006ac                SetIndicatorElevatorState
 .text.ClrIndicatorFloorState
                0x000006cc       0x24 ../../Lib\libLiftLibrary.a(LiftLibrary.o)
                0x000006cc                ClrIndicatorFloorState
 .text.ClrIndicatorElevatorState
                0x000006f0       0x22 ../../Lib\libLiftLibrary.a(LiftLibrary.o)
                0x000006f0                ClrIndicatorElevatorState
 .text.RegisterTestHandler
                0x00000712        0xa ../../Lib\libLiftLibrary.a(LiftLibrary.o)
                0x00000712                RegisterTestHandler
 .text.Usart_Init
                0x0000071c       0x12 ../../Lib\libLiftLibrary.a(LiftLibrary.o)
                0x0000071c                Usart_Init
 .text.InitializePorts
                0x0000072e       0x1c ../../Lib\libLiftLibrary.a(LiftLibrary.o)
                0x0000072e                InitializePorts
 .text.Usart_PutChar
                0x0000074a        0x8 ../../Lib\libLiftLibrary.a(LiftLibrary.o)
                0x0000074a                Usart_PutChar
 .text.SendEvent
                0x00000752       0x76 ../../Lib\libLiftLibrary.a(LiftLibrary.o)
                0x00000752                SendEvent
 .text.MakeDoorStates
                0x000007c8       0x8a ../../Lib\libLiftLibrary.a(LiftLibrary.o)
                0x000007c8                MakeDoorStates
 .text.ProcessMessage
                0x00000852       0x8a ../../Lib\libLiftLibrary.a(LiftLibrary.o)
                0x00000852                ProcessMessage
 .text.HandleMessage
                0x000008dc       0x52 ../../Lib\libLiftLibrary.a(LiftLibrary.o)
                0x000008dc                HandleMessage
 .text.SetInputOutput
                0x0000092e      0x1bc ../../Lib\libLiftLibrary.a(LiftLibrary.o)
                0x0000092e                SetInputOutput
 .text.InitializeStart
                0x00000aea       0x66 ../../Lib\libLiftLibrary.a(LiftLibrary.o)
                0x00000aea                InitializeStart
 .text.__vector_1
                0x00000b50       0x68 ../../Lib\libLiftLibrary.a(LiftLibrary.o)
                0x00000b50                __vector_1
 .text.__vector_13
                0x00000bb8       0x6c ../../Lib\libLiftLibrary.a(LiftLibrary.o)
                0x00000bb8                __vector_13
 .text.__vector_7
                0x00000c24       0xa2 ../../Lib\libLiftLibrary.a(LiftLibrary.o)
                0x00000c24                __vector_7
 .text.StartTimer
                0x00000cc6       0x6e ../../Lib\libLiftLibrary.a(LiftLibrary.o)
                0x00000cc6                StartTimer
 .text.StopTimer
                0x00000d34       0x3e ../../Lib\libLiftLibrary.a(LiftLibrary.o)
                0x00000d34                StopTimer
 .text.__vector_10
                0x00000d72       0xc2 ../../Lib\libLiftLibrary.a(LiftLibrary.o)
                0x00000d72                __vector_10
 .text.libgcc.div
                0x00000e34       0x18 c:/program files (x86)/atmel/studio/7.0/toolchain/avr8/avr8-gnu-toolchain/bin/../lib/gcc/avr/5.4.0/avr5\libgcc.a(_udivmodqi4.o)
                0x00000e34                __udivmodqi4
                0x00000e4c                . = ALIGN (0x2)
 *(.fini9)
 .fini9         0x00000e4c        0x0 c:/program files (x86)/atmel/studio/7.0/toolchain/avr8/avr8-gnu-toolchain/bin/../lib/gcc/avr/5.4.0/avr5\libgcc.a(_exit.o)
                0x00000e4c                _exit
                0x00000e4c                exit
 *(.fini9)
 *(.fini8)
 *(.fini8)
 *(.fini7)
 *(.fini7)
 *(.fini6)
 *(.fini6)
 *(.fini5)
 *(.fini5)
 *(.fini4)
 *(.fini4)
 *(.fini3)
 *(.fini3)
 *(.fini2)
 *(.fini2)
 *(.fini1)
 *(.fini1)
 *(.fini0)
 .fini0         0x00000e4c        0x4 c:/program files (x86)/atmel/studio/7.0/toolchain/avr8/avr8-gnu-toolchain/bin/../lib/gcc/avr/5.4.0/avr5\libgcc.a(_exit.o)
 *(.fini0)
                0x00000e50                _etext = .

.data           0x00800060       0x3a load address 0x00000e50
                0x00800060                PROVIDE (__data_start, .)
 *(.data)
 *(.data*)
 .data._mainCtrl
                0x00800060        0x8 MainController.o
                0x00800060                _mainCtrl
 .data._motorCtrl
                0x00800068        0x7 MotorCtrl.o
                0x00800068                _motorCtrl
 .data._scheduleCtrl
                0x0080006f        0xd ScheduleController.o
                0x0080006f                _scheduleCtrl
 .data.anchor   0x0080007c        0x5 ../../Lib\libLiftLibrary.a(LiftLibrary.o)
 .data.Elevator
                0x00800081        0x7 ../../Lib\libLiftLibrary.a(LiftLibrary.o)
 .data.doorPositions
                0x00800088        0x5 ../../Lib\libLiftLibrary.a(LiftLibrary.o)
                0x00800088                doorPositions
 *(.gnu.linkonce.d*)
 *(.rodata)
 *(.rodata*)
 .rodata.str1.1
                0x0080008d        0xd TestController.o
 *(.gnu.linkonce.r*)
                0x0080009a                . = ALIGN (0x2)
                0x0080009a                _edata = .
                0x0080009a                PROVIDE (__data_end, .)

.bss            0x0080009a       0xe8
                0x0080009a                PROVIDE (__bss_start, .)
 *(.bss)
 *(.bss*)
 .bss.DoorTick.1963
                0x0080009a        0x1 ../../Lib\libLiftLibrary.a(LiftLibrary.o)
 .bss.ElevatorTick.1962
                0x0080009b        0x1 ../../Lib\libLiftLibrary.a(LiftLibrary.o)
 .bss.terminalRefreshCounter.1887
                0x0080009c        0x2 ../../Lib\libLiftLibrary.a(LiftLibrary.o)
 .bss.buttonRefreshCounter.1886
                0x0080009e        0x1 ../../Lib\libLiftLibrary.a(LiftLibrary.o)
 .bss.doorRefreshCounter.1885
                0x0080009f        0x1 ../../Lib\libLiftLibrary.a(LiftLibrary.o)
 .bss.outputRefreshCounter.1884
                0x008000a0        0x2 ../../Lib\libLiftLibrary.a(LiftLibrary.o)
 .bss.msgBuffer.1869
                0x008000a2        0xe ../../Lib\libLiftLibrary.a(LiftLibrary.o)
 .bss.bufferIndex.1870
                0x008000b0        0x1 ../../Lib\libLiftLibrary.a(LiftLibrary.o)
 .bss.msgLen.1872
                0x008000b1        0x1 ../../Lib\libLiftLibrary.a(LiftLibrary.o)
 .bss.msgType.1871
                0x008000b2        0x1 ../../Lib\libLiftLibrary.a(LiftLibrary.o)
 .bss.msgQ_out  0x008000b3        0x1 ../../Lib\libLiftLibrary.a(LiftLibrary.o)
 .bss.msgQ_in   0x008000b4        0x1 ../../Lib\libLiftLibrary.a(LiftLibrary.o)
 .bss.msgQueue  0x008000b5       0x80 ../../Lib\libLiftLibrary.a(LiftLibrary.o)
 .bss.enterAtomicNesting
                0x00800135        0x1 ../../Lib\libLiftLibrary.a(LiftLibrary.o)
 .bss.EnableStatusUpdate
                0x00800136        0x1 ../../Lib\libLiftLibrary.a(LiftLibrary.o)
                0x00800136                EnableStatusUpdate
 .bss.OpenDoors
                0x00800137        0x1 ../../Lib\libLiftLibrary.a(LiftLibrary.o)
 .bss.SystemState
                0x00800138        0x1 ../../Lib\libLiftLibrary.a(LiftLibrary.o)
                0x00800138                SystemState
 .bss.ButtonState
                0x00800139        0x2 ../../Lib\libLiftLibrary.a(LiftLibrary.o)
                0x00800139                ButtonState
 .bss._testHandler
                0x0080013b        0x2 ../../Lib\libLiftLibrary.a(LiftLibrary.o)
 .bss.doorframe
                0x0080013d        0x1 ../../Lib\libLiftLibrary.a(LiftLibrary.o)
 .bss.liftPosDisplay_On
                0x0080013e        0x1 ../../Lib\libLiftLibrary.a(LiftLibrary.o)
 .bss.displayCache
                0x0080013f        0x1 ../../Lib\libLiftLibrary.a(LiftLibrary.o)
 .bss.buttonFloorLed
                0x00800140        0x1 ../../Lib\libLiftLibrary.a(LiftLibrary.o)
 .bss.buttonFloorLed_On
                0x00800141        0x1 ../../Lib\libLiftLibrary.a(LiftLibrary.o)
 .bss.buttonLiftLed
                0x00800142        0x1 ../../Lib\libLiftLibrary.a(LiftLibrary.o)
 .bss.buttonLiftLed_on
                0x00800143        0x1 ../../Lib\libLiftLibrary.a(LiftLibrary.o)
 .bss.floorDisplayPort
                0x00800144        0x1 ../../Lib\libLiftLibrary.a(LiftLibrary.o)
 .bss.liftDisplay7Seg
                0x00800145        0x1 ../../Lib\libLiftLibrary.a(LiftLibrary.o)
 .bss.liftDisplay7Seg_On
                0x00800146        0x1 ../../Lib\libLiftLibrary.a(LiftLibrary.o)
 .bss.WaitingTimer
                0x00800147       0x10 ../../Lib\libLiftLibrary.a(LiftLibrary.o)
 .bss.UsedTimers
                0x00800157        0x1 ../../Lib\libLiftLibrary.a(LiftLibrary.o)
 .bss.USART_rxBufferOut
                0x00800158        0x1 ../../Lib\libLiftLibrary.a(LiftLibrary.o)
 .bss.USART_rxBufferIn
                0x00800159        0x1 ../../Lib\libLiftLibrary.a(LiftLibrary.o)
 *(COMMON)
 COMMON         0x0080015a       0x28 ../../Lib\libLiftLibrary.a(LiftLibrary.o)
                0x0080015a                USART_rxBuffer
                0x0080017a                liftDoorState
                0x00800182                PROVIDE (__bss_end, .)
                0x00000e50                __data_load_start = LOADADDR (.data)
                0x00000e8a                __data_load_end = (__data_load_start + SIZEOF (.data))

.noinit         0x00800182        0x0
                [!provide]                PROVIDE (__noinit_start, .)
 *(.noinit*)
                [!provide]                PROVIDE (__noinit_end, .)
                0x00800182                _end = .
                [!provide]                PROVIDE (__heap_start, .)

.eeprom         0x00810000        0x0
 *(.eeprom*)
                0x00810000                __eeprom_end = .

.fuse
 *(.fuse)
 *(.lfuse)
 *(.hfuse)
 *(.efuse)

.lock
 *(.lock*)

.signature
 *(.signature*)

.user_signatures
 *(.user_signatures*)

.stab
 *(.stab)

.stabstr
 *(.stabstr)

.stab.excl
 *(.stab.excl)

.stab.exclstr
 *(.stab.exclstr)

.stab.index
 *(.stab.index)

.stab.indexstr
 *(.stab.indexstr)

.comment        0x00000000       0x60
 *(.comment)
 .comment       0x00000000       0x30 main.o
                                 0x31 (size before relaxing)
 .comment       0x00000030       0x31 MainController.o
 .comment       0x00000030       0x31 MotorCtrl.o
 .comment       0x00000030       0x31 ScheduleController.o
 .comment       0x00000030       0x31 TestController.o
 .comment       0x00000030       0x30 ../../Lib\libLiftLibrary.a(LiftLibrary.o)
                                 0x31 (size before relaxing)

.note.gnu.avr.deviceinfo
                0x00000000       0x3c
 .note.gnu.avr.deviceinfo
                0x00000000       0x3c C:/Program Files (x86)/Atmel/Studio/7.0/Packs/atmel/ATmega_DFP/1.2.209/gcc/dev/atmega32/avr5/crtatmega32.o

.note.gnu.build-id
 *(.note.gnu.build-id)

.debug
 *(.debug)

.line
 *(.line)

.debug_srcinfo
 *(.debug_srcinfo)

.debug_sfnames
 *(.debug_sfnames)

.debug_aranges  0x00000000      0x238
 *(.debug_aranges)
 .debug_aranges
                0x00000000       0x20 main.o
 .debug_aranges
                0x00000020       0x58 MainController.o
 .debug_aranges
                0x00000078       0x40 MotorCtrl.o
 .debug_aranges
                0x000000b8       0x38 ScheduleController.o
 .debug_aranges
                0x000000f0       0x28 TestController.o
 .debug_aranges
                0x00000118      0x120 ../../Lib\libLiftLibrary.a(LiftLibrary.o)

.debug_pubnames
 *(.debug_pubnames)

.debug_info     0x00000000     0x2fbc
 *(.debug_info .gnu.linkonce.wi.*)
 .debug_info    0x00000000      0x4e6 C:/Program Files (x86)/Atmel/Studio/7.0/Packs/atmel/ATmega_DFP/1.2.209/gcc/dev/atmega32/avr5/crtatmega32.o
 .debug_info    0x000004e6      0x2ec main.o
 .debug_info    0x000007d2      0x77b MainController.o
 .debug_info    0x00000f4d      0x650 MotorCtrl.o
 .debug_info    0x0000159d      0x55c ScheduleController.o
 .debug_info    0x00001af9      0x2c7 TestController.o
 .debug_info    0x00001dc0     0x11fc ../../Lib\libLiftLibrary.a(LiftLibrary.o)

.debug_abbrev   0x00000000     0x10a5
 *(.debug_abbrev)
 .debug_abbrev  0x00000000      0x4a3 C:/Program Files (x86)/Atmel/Studio/7.0/Packs/atmel/ATmega_DFP/1.2.209/gcc/dev/atmega32/avr5/crtatmega32.o
 .debug_abbrev  0x000004a3      0x13c main.o
 .debug_abbrev  0x000005df      0x1b8 MainController.o
 .debug_abbrev  0x00000797      0x19a MotorCtrl.o
 .debug_abbrev  0x00000931      0x205 ScheduleController.o
 .debug_abbrev  0x00000b36      0x180 TestController.o
 .debug_abbrev  0x00000cb6      0x3ef ../../Lib\libLiftLibrary.a(LiftLibrary.o)

.debug_line     0x00000000     0x132b
 *(.debug_line .debug_line.* .debug_line_end)
 .debug_line    0x00000000      0x115 C:/Program Files (x86)/Atmel/Studio/7.0/Packs/atmel/ATmega_DFP/1.2.209/gcc/dev/atmega32/avr5/crtatmega32.o
 .debug_line    0x00000115      0x11b main.o
 .debug_line    0x00000230      0x2ec MainController.o
 .debug_line    0x0000051c      0x237 MotorCtrl.o
 .debug_line    0x00000753      0x1dd ScheduleController.o
 .debug_line    0x00000930      0x10f TestController.o
 .debug_line    0x00000a3f      0x8ec ../../Lib\libLiftLibrary.a(LiftLibrary.o)

.debug_frame    0x00000000      0x618
 *(.debug_frame)
 .debug_frame   0x00000000       0x24 main.o
 .debug_frame   0x00000024       0xc4 MainController.o
 .debug_frame   0x000000e8       0xa0 MotorCtrl.o
 .debug_frame   0x00000188       0x70 ScheduleController.o
 .debug_frame   0x000001f8       0x40 TestController.o
 .debug_frame   0x00000238      0x3e0 ../../Lib\libLiftLibrary.a(LiftLibrary.o)

.debug_str      0x00000000     0x115a
 *(.debug_str)
 .debug_str     0x00000000      0x196 C:/Program Files (x86)/Atmel/Studio/7.0/Packs/atmel/ATmega_DFP/1.2.209/gcc/dev/atmega32/avr5/crtatmega32.o
 .debug_str     0x00000196      0x2cb main.o
                                0x307 (size before relaxing)
 .debug_str     0x00000461      0x2ec MainController.o
                                0x523 (size before relaxing)
 .debug_str     0x0000074d      0x119 MotorCtrl.o
                                0x50c (size before relaxing)
 .debug_str     0x00000866       0xe3 ScheduleController.o
                                0x4f3 (size before relaxing)
 .debug_str     0x00000949       0x8c TestController.o
                                0x39d (size before relaxing)
 .debug_str     0x000009d5      0x785 ../../Lib\libLiftLibrary.a(LiftLibrary.o)
                                0xb34 (size before relaxing)

.debug_loc      0x00000000     0x159d
 *(.debug_loc)
 .debug_loc     0x00000000      0x2a5 MainController.o
 .debug_loc     0x000002a5      0x26a MotorCtrl.o
 .debug_loc     0x0000050f      0x155 ScheduleController.o
 .debug_loc     0x00000664       0xe2 TestController.o
 .debug_loc     0x00000746      0xe57 ../../Lib\libLiftLibrary.a(LiftLibrary.o)

.debug_macinfo
 *(.debug_macinfo)

.debug_weaknames
 *(.debug_weaknames)

.debug_funcnames
 *(.debug_funcnames)

.debug_typenames
 *(.debug_typenames)

.debug_varnames
 *(.debug_varnames)

.debug_pubtypes
 *(.debug_pubtypes)

.debug_ranges   0x00000000      0x1d8
 *(.debug_ranges)
 .debug_ranges  0x00000000       0x10 main.o
 .debug_ranges  0x00000010       0x48 MainController.o
 .debug_ranges  0x00000058       0x30 MotorCtrl.o
 .debug_ranges  0x00000088       0x28 ScheduleController.o
 .debug_ranges  0x000000b0       0x18 TestController.o
 .debug_ranges  0x000000c8      0x110 ../../Lib\libLiftLibrary.a(LiftLibrary.o)

.debug_macro
 *(.debug_macro)
OUTPUT(LiftSimulation.elf elf32-avr)
LOAD linker stubs
